// Jest Snapshot v1, https://goo.gl/fbAQLP

exports[`/blogs/_id renders a page with the data from the renderedContentItem 1`] = `"<div id=\\"blog-content\\"><h1>Blog Post</h1><p>Blog Blurb</p></div>"`;
